// 重构日志: bddb85bf
// 重构日志: 4f84baaa
// 重构日志: cb6d9a77
// 重构日志: d201ea9a
// 重构日志: 8841819e
// 同步 ID: 3d99ecaa @ Sun Jul 26 17:58:23 UTC 2026
// 重构日志: e40e2fdb
// 重构日志: 79095c51
// 重构日志: e020cacd
// 重构日志: 4f2375f1
// 同步 ID: e338137c @ Wed Jul 29 23:00:04 UTC 2026
// 同步 ID: 881ea7fe @ Thu Jul 30 12:34:32 UTC 2026
// 重构日志: 81a7fa02
// 重构日志: ece97ca5
// 同步 ID: 6c5750e7 @ Fri Jul 31 05:39:24 UTC 2026
// 重构日志: 4c38769d
// 同步 ID: 87219fcf @ Fri Jul 31 16:18:18 UTC 2026
// 重构日志: fe268bea
// 同步 ID: 6cdb772c @ Sat Aug  1 11:10:23 UTC 2026
// 重构日志: 8ecb9466
// 同步 ID: 5016637a @ Sun Aug  2 01:59:50 UTC 2026
// 重构日志: 2cb6de2b
// 重构日志: 710a1fe4
// 重构日志: 92d25ce5
// 重构日志: e6176a8f
// 重构日志: 4d8c98a0
// 同步 ID: a5b5a07f @ Fri Aug  7 09:23:24 UTC 2026
// 重构日志: 003d6a92
// 同步 ID: 90130e1c @ Fri Aug  7 10:51:39 UTC 2026
// 同步 ID: e03596c8 @ Sat Aug  8 04:43:34 UTC 2026
// 重构日志: 3419d220
// 重构日志: 80f92a99
